CRITICAL - 2026-05-01 02:47:24 --> ErrorException: Undefined variable $newName
[Method: POST, Route: reads]
in APPPATH\Controllers\Crud.php on line 59.
 1 APPPATH\Controllers\Crud.php(59): CodeIgniter\Debug\Exceptions->errorHandler(2, 'Undefined variable $newName', 'C:\\PersuratanTU\\app\\Controllers\\Crud.php', 59)
 2 SYSTEMPATH\CodeIgniter.php(951): App\Controllers\Crud->save()
 3 SYSTEMPATH\CodeIgniter.php(497): CodeIgniter\CodeIgniter->runController(Object(App\Controllers\Crud))
 4 SYSTEMPATH\CodeIgniter.php(340): CodeIgniter\CodeIgniter->handleRequest(null, Object(Config\Cache), false)
 5 SYSTEMPATH\Boot.php(417): CodeIgniter\CodeIgniter->run()
 6 SYSTEMPATH\Boot.php(68): CodeIgniter\Boot::runCodeIgniter(Object(CodeIgniter\CodeIgniter))
 7 FCPATH\index.php(59): CodeIgniter\Boot::bootWeb(Object(Config\Paths))
 8 SYSTEMPATH\rewrite.php(44): require_once('C:\\PersuratanTU\\public\\index.php')
CRITICAL - 2026-05-01 02:49:13 --> ErrorException: Undefined variable $newName
[Method: POST, Route: reads]
in APPPATH\Controllers\Crud.php on line 59.
 1 APPPATH\Controllers\Crud.php(59): CodeIgniter\Debug\Exceptions->errorHandler(2, 'Undefined variable $newName', 'C:\\PersuratanTU\\app\\Controllers\\Crud.php', 59)
 2 SYSTEMPATH\CodeIgniter.php(951): App\Controllers\Crud->save()
 3 SYSTEMPATH\CodeIgniter.php(497): CodeIgniter\CodeIgniter->runController(Object(App\Controllers\Crud))
 4 SYSTEMPATH\CodeIgniter.php(340): CodeIgniter\CodeIgniter->handleRequest(null, Object(Config\Cache), false)
 5 SYSTEMPATH\Boot.php(417): CodeIgniter\CodeIgniter->run()
 6 SYSTEMPATH\Boot.php(68): CodeIgniter\Boot::runCodeIgniter(Object(CodeIgniter\CodeIgniter))
 7 FCPATH\index.php(59): CodeIgniter\Boot::bootWeb(Object(Config\Paths))
 8 SYSTEMPATH\rewrite.php(44): require_once('C:\\PersuratanTU\\public\\index.php')
CRITICAL - 2026-05-01 02:49:30 --> ErrorException: Undefined variable $newName
[Method: POST, Route: reads]
in APPPATH\Controllers\Crud.php on line 59.
 1 APPPATH\Controllers\Crud.php(59): CodeIgniter\Debug\Exceptions->errorHandler(2, 'Undefined variable $newName', 'C:\\PersuratanTU\\app\\Controllers\\Crud.php', 59)
 2 SYSTEMPATH\CodeIgniter.php(951): App\Controllers\Crud->save()
 3 SYSTEMPATH\CodeIgniter.php(497): CodeIgniter\CodeIgniter->runController(Object(App\Controllers\Crud))
 4 SYSTEMPATH\CodeIgniter.php(340): CodeIgniter\CodeIgniter->handleRequest(null, Object(Config\Cache), false)
 5 SYSTEMPATH\Boot.php(417): CodeIgniter\CodeIgniter->run()
 6 SYSTEMPATH\Boot.php(68): CodeIgniter\Boot::runCodeIgniter(Object(CodeIgniter\CodeIgniter))
 7 FCPATH\index.php(59): CodeIgniter\Boot::bootWeb(Object(Config\Paths))
 8 SYSTEMPATH\rewrite.php(44): require_once('C:\\PersuratanTU\\public\\index.php')
CRITICAL - 2026-05-01 02:49:50 --> ErrorException: Undefined variable $newName
[Method: POST, Route: reads]
in APPPATH\Controllers\Crud.php on line 59.
 1 APPPATH\Controllers\Crud.php(59): CodeIgniter\Debug\Exceptions->errorHandler(2, 'Undefined variable $newName', 'C:\\PersuratanTU\\app\\Controllers\\Crud.php', 59)
 2 SYSTEMPATH\CodeIgniter.php(951): App\Controllers\Crud->save()
 3 SYSTEMPATH\CodeIgniter.php(497): CodeIgniter\CodeIgniter->runController(Object(App\Controllers\Crud))
 4 SYSTEMPATH\CodeIgniter.php(340): CodeIgniter\CodeIgniter->handleRequest(null, Object(Config\Cache), false)
 5 SYSTEMPATH\Boot.php(417): CodeIgniter\CodeIgniter->run()
 6 SYSTEMPATH\Boot.php(68): CodeIgniter\Boot::runCodeIgniter(Object(CodeIgniter\CodeIgniter))
 7 FCPATH\index.php(59): CodeIgniter\Boot::bootWeb(Object(Config\Paths))
 8 SYSTEMPATH\rewrite.php(44): require_once('C:\\PersuratanTU\\public\\index.php')
CRITICAL - 2026-05-01 02:50:10 --> ErrorException: Undefined variable $newName
[Method: POST, Route: reads]
in APPPATH\Controllers\Crud.php on line 59.
 1 APPPATH\Controllers\Crud.php(59): CodeIgniter\Debug\Exceptions->errorHandler(2, 'Undefined variable $newName', 'C:\\PersuratanTU\\app\\Controllers\\Crud.php', 59)
 2 SYSTEMPATH\CodeIgniter.php(951): App\Controllers\Crud->save()
 3 SYSTEMPATH\CodeIgniter.php(497): CodeIgniter\CodeIgniter->runController(Object(App\Controllers\Crud))
 4 SYSTEMPATH\CodeIgniter.php(340): CodeIgniter\CodeIgniter->handleRequest(null, Object(Config\Cache), false)
 5 SYSTEMPATH\Boot.php(417): CodeIgniter\CodeIgniter->run()
 6 SYSTEMPATH\Boot.php(68): CodeIgniter\Boot::runCodeIgniter(Object(CodeIgniter\CodeIgniter))
 7 FCPATH\index.php(59): CodeIgniter\Boot::bootWeb(Object(Config\Paths))
 8 SYSTEMPATH\rewrite.php(44): require_once('C:\\PersuratanTU\\public\\index.php')
CRITICAL - 2026-05-01 02:56:04 --> ErrorException: Undefined variable $newName
[Method: POST, Route: reads]
in APPPATH\Controllers\Crud.php on line 59.
 1 APPPATH\Controllers\Crud.php(59): CodeIgniter\Debug\Exceptions->errorHandler(2, 'Undefined variable $newName', 'C:\\PersuratanTU\\app\\Controllers\\Crud.php', 59)
 2 SYSTEMPATH\CodeIgniter.php(951): App\Controllers\Crud->save()
 3 SYSTEMPATH\CodeIgniter.php(497): CodeIgniter\CodeIgniter->runController(Object(App\Controllers\Crud))
 4 SYSTEMPATH\CodeIgniter.php(340): CodeIgniter\CodeIgniter->handleRequest(null, Object(Config\Cache), false)
 5 SYSTEMPATH\Boot.php(417): CodeIgniter\CodeIgniter->run()
 6 SYSTEMPATH\Boot.php(68): CodeIgniter\Boot::runCodeIgniter(Object(CodeIgniter\CodeIgniter))
 7 FCPATH\index.php(59): CodeIgniter\Boot::bootWeb(Object(Config\Paths))
 8 SYSTEMPATH\rewrite.php(44): require_once('C:\\PersuratanTU\\public\\index.php')
